.next/types/app/dashboard/@restaurant/orders/[id]/page.ts(34,29): error TS2344: Type '{ params: { id: string; }; }' does not satisfy the constraint 'PageProps'.
  Types of property 'params' are incompatible.
    Type '{ id: string; }' is missing the following properties from type 'Promise<any>': then, catch, finally, [Symbol.toStringTag]
.next/types/app/dashboard/@restaurant/orders/[id]/payment/confirmation/page.ts(34,29): error TS2344: Type '{ params: { id: string; }; }' does not satisfy the constraint 'PageProps'.
  Types of property 'params' are incompatible.
    Type '{ id: string; }' is missing the following properties from type 'Promise<any>': then, catch, finally, [Symbol.toStringTag]
.next/types/app/dashboard/@restaurant/orders/[id]/payment/page.ts(34,29): error TS2344: Type '{ params: { id: string; }; }' does not satisfy the constraint 'PageProps'.
  Types of property 'params' are incompatible.
    Type '{ id: string; }' is missing the following properties from type 'Promise<any>': then, catch, finally, [Symbol.toStringTag]
.next/types/app/dashboard/@restaurant/suppliers/[id]/chat/page.ts(34,29): error TS2344: Type '{ params: { id: string; }; }' does not satisfy the constraint 'PageProps'.
  Types of property 'params' are incompatible.
    Type '{ id: string; }' is missing the following properties from type 'Promise<any>': then, catch, finally, [Symbol.toStringTag]
.next/types/app/dashboard/@restaurant/suppliers/[id]/page.ts(34,29): error TS2344: Type '{ params: { id: string; }; }' does not satisfy the constraint 'PageProps'.
  Types of property 'params' are incompatible.
    Type '{ id: string; }' is missing the following properties from type 'Promise<any>': then, catch, finally, [Symbol.toStringTag]
.next/types/app/dashboard/@supplier/customers/[id]/page.ts(34,29): error TS2344: Type '{ params: { id: string; }; }' does not satisfy the constraint 'PageProps'.
  Types of property 'params' are incompatible.
    Type '{ id: string; }' is missing the following properties from type 'Promise<any>': then, catch, finally, [Symbol.toStringTag]
.next/types/app/dashboard/@supplier/finance/expenses/[id]/page.ts(34,29): error TS2344: Type '{ params: { id: string; }; }' does not satisfy the constraint 'PageProps'.
  Types of property 'params' are incompatible.
    Type '{ id: string; }' is missing the following properties from type 'Promise<any>': then, catch, finally, [Symbol.toStringTag]
.next/types/app/dashboard/@supplier/finance/invoices/[id]/page.ts(34,29): error TS2344: Type '{ params: { id: string; }; }' does not satisfy the constraint 'PageProps'.
  Types of property 'params' are incompatible.
    Type '{ id: string; }' is missing the following properties from type 'Promise<any>': then, catch, finally, [Symbol.toStringTag]
.next/types/app/dashboard/@supplier/finance/sales/[id]/page.ts(34,29): error TS2344: Type '{ params: { id: string; }; }' does not satisfy the constraint 'PageProps'.
  Types of property 'params' are incompatible.
    Type '{ id: string; }' is missing the following properties from type 'Promise<any>': then, catch, finally, [Symbol.toStringTag]
.next/types/app/dashboard/@supplier/products/[id]/edit/page.ts(34,29): error TS2344: Type 'ProductEditPageProps' does not satisfy the constraint 'PageProps'.
  Types of property 'params' are incompatible.
    Type '{ id: string; }' is missing the following properties from type 'Promise<any>': then, catch, finally, [Symbol.toStringTag]
.next/types/app/dashboard/@supplier/products/[id]/page.ts(34,29): error TS2344: Type 'ProductDetailPageProps' does not satisfy the constraint 'PageProps'.
  Types of property 'params' are incompatible.
    Type '{ id: string; }' is missing the following properties from type 'Promise<any>': then, catch, finally, [Symbol.toStringTag]
app/dashboard/@restaurant/inventory/[id]/page.tsx(67,51): error TS2551: Property 'getInventoryItemById' does not exist on type '{ getOpeningChecklistItems: () => Promise<OpeningStockItem[]>; saveOpeningChecklistDraft: (payload: any) => Promise<{ success: boolean; }>; submitOpeningChecklist: (payload: any) => Promise<...>; ... 10 more ...; getInventoryItems: ({ search, category, level }?: { ...; }) => Promise<...>; }'. Did you mean 'getInventoryItems'?
app/dashboard/@restaurant/inventory/[id]/page.tsx(284,34): error TS2551: Property 'getInventoryItemById' does not exist on type '{ getOpeningChecklistItems: () => Promise<OpeningStockItem[]>; saveOpeningChecklistDraft: (payload: any) => Promise<{ success: boolean; }>; submitOpeningChecklist: (payload: any) => Promise<...>; ... 10 more ...; getInventoryItems: ({ search, category, level }?: { ...; }) => Promise<...>; }'. Did you mean 'getInventoryItems'?
app/dashboard/@restaurant/inventory/daily-count/page.tsx(27,32): error TS2459: Module '"@/lib/services/restaurantOpsService"' declares 'OpeningStockItem' locally, but it is not exported.
app/dashboard/@restaurant/inventory/page.tsx(169,26): error TS2552: Cannot find name 'Select'. Did you mean 'onselect'?
app/dashboard/@restaurant/inventory/page.tsx(170,30): error TS2304: Cannot find name 'SelectTrigger'.
app/dashboard/@restaurant/inventory/page.tsx(171,34): error TS2304: Cannot find name 'SelectValue'.
app/dashboard/@restaurant/inventory/page.tsx(172,31): error TS2304: Cannot find name 'SelectTrigger'.
app/dashboard/@restaurant/inventory/page.tsx(173,30): error TS2304: Cannot find name 'SelectContent'.
app/dashboard/@restaurant/inventory/page.tsx(174,34): error TS2304: Cannot find name 'SelectItem'.
app/dashboard/@restaurant/inventory/page.tsx(174,73): error TS2304: Cannot find name 'SelectItem'.
app/dashboard/@restaurant/inventory/page.tsx(175,31): error TS2304: Cannot find name 'SelectContent'.
app/dashboard/@restaurant/inventory/page.tsx(176,27): error TS2552: Cannot find name 'Select'. Did you mean 'onselect'?
app/dashboard/@restaurant/inventory/page.tsx(177,26): error TS2552: Cannot find name 'Select'. Did you mean 'onselect'?
app/dashboard/@restaurant/inventory/page.tsx(178,30): error TS2304: Cannot find name 'SelectTrigger'.
app/dashboard/@restaurant/inventory/page.tsx(179,34): error TS2304: Cannot find name 'SelectValue'.
app/dashboard/@restaurant/inventory/page.tsx(180,31): error TS2304: Cannot find name 'SelectTrigger'.
app/dashboard/@restaurant/inventory/page.tsx(181,30): error TS2304: Cannot find name 'SelectContent'.
app/dashboard/@restaurant/inventory/page.tsx(182,34): error TS2304: Cannot find name 'SelectItem'.
app/dashboard/@restaurant/inventory/page.tsx(182,69): error TS2304: Cannot find name 'SelectItem'.
app/dashboard/@restaurant/inventory/page.tsx(183,31): error TS2304: Cannot find name 'SelectContent'.
app/dashboard/@restaurant/inventory/page.tsx(184,27): error TS2552: Cannot find name 'Select'. Did you mean 'onselect'?
app/dashboard/@restaurant/orders/[id]/payment/page.tsx(76,22): error TS2322: Type '"default" | "outline" | "secondary" | "warning" | "success"' is not assignable to type '"default" | "destructive" | "outline" | "secondary" | "warning" | null | undefined'.
  Type '"success"' is not assignable to type '"default" | "destructive" | "outline" | "secondary" | "warning" | null | undefined'.
app/dashboard/@restaurant/schedule/page.tsx(116,21): error TS2353: Object literal may only specify known properties, and 'DayContent' does not exist in type 'Partial<CustomComponents>'.
app/dashboard/@restaurant/schedule/page.tsx(116,34): error TS7006: Parameter 'props' implicitly has an 'any' type.
app/dashboard/@restaurant/schedule/page.tsx(488,38): error TS2322: Type '"success"' is not assignable to type '"default" | "destructive" | "outline" | "secondary" | "warning" | null | undefined'.
app/dashboard/@restaurant/settings/team/page.tsx(273,53): error TS2345: Argument of type '{ id: number; name: string; email: string; phone: string; role: string; status: string; lastActive: string; avatar: string; }' is not assignable to parameter of type 'SetStateAction<null>'.
  Type '{ id: number; name: string; email: string; phone: string; role: string; status: string; lastActive: string; avatar: string; }' provides no match for the signature '(prevState: null): null'.
app/dashboard/@restaurant/settings/team/page.tsx(326,98): error TS2322: Type '{ checked: boolean; disabled: true; size: string; }' is not assignable to type 'IntrinsicAttributes & Omit<SwitchProps & RefAttributes<HTMLButtonElement>, "ref"> & RefAttributes<HTMLButtonElement>'.
  Property 'size' does not exist on type 'IntrinsicAttributes & Omit<SwitchProps & RefAttributes<HTMLButtonElement>, "ref"> & RefAttributes<HTMLButtonElement>'.
app/dashboard/@restaurant/settings/team/page.tsx(398,69): error TS2339: Property 'name' does not exist on type 'never'.
app/dashboard/@restaurant/settings/team/page.tsx(403,99): error TS2339: Property 'role' does not exist on type 'never'.
app/dashboard/@restaurant/suppliers/[id]/page.tsx(124,19): error TS2322: Type '"default" | "destructive" | "outline" | "warning" | "success"' is not assignable to type '"default" | "destructive" | "outline" | "secondary" | "warning" | null | undefined'.
  Type '"success"' is not assignable to type '"default" | "destructive" | "outline" | "secondary" | "warning" | null | undefined'.
app/dashboard/@restaurant/suppliers/[id]/page.tsx(154,19): error TS2322: Type '"default" | "destructive" | "outline" | "warning" | "success"' is not assignable to type '"default" | "destructive" | "outline" | "secondary" | "warning" | null | undefined'.
  Type '"success"' is not assignable to type '"default" | "destructive" | "outline" | "secondary" | "warning" | null | undefined'.
app/dashboard/@restaurant/suppliers/[id]/page.tsx(182,19): error TS2322: Type '"default" | "destructive" | "outline" | "warning" | "success"' is not assignable to type '"default" | "destructive" | "outline" | "secondary" | "warning" | null | undefined'.
  Type '"success"' is not assignable to type '"default" | "destructive" | "outline" | "secondary" | "warning" | null | undefined'.
app/dashboard/@restaurant/suppliers/[id]/page.tsx(210,24): error TS2322: Type '"default" | "destructive" | "warning" | "success"' is not assignable to type '"default" | "destructive" | "outline" | "secondary" | "warning" | null | undefined'.
  Type '"success"' is not assignable to type '"default" | "destructive" | "outline" | "secondary" | "warning" | null | undefined'.
app/dashboard/@restaurant/suppliers/[id]/page.tsx(241,19): error TS2322: Type '"default" | "destructive" | "warning" | "success"' is not assignable to type '"default" | "destructive" | "outline" | "secondary" | "warning" | null | undefined'.
  Type '"success"' is not assignable to type '"default" | "destructive" | "outline" | "secondary" | "warning" | null | undefined'.
app/dashboard/@restaurant/suppliers/[id]/page.tsx(363,31): error TS2322: Type '"outline" | "bg-secondary-500 text-secondary-foreground hover:bg-secondary-500/90" | "bg-blue-500 text-white hover:bg-blue-600" | "bg-green-500 text-white hover:bg-green-600" | "bg-red-500 text-white hover:bg-red-600" | "bg-destructive text-destructive-foreground hover:bg-destructive/90"' is not assignable to type '"default" | "destructive" | "outline" | "secondary" | "warning" | null | undefined'.
  Type '"bg-secondary-500 text-secondary-foreground hover:bg-secondary-500/90"' is not assignable to type '"default" | "destructive" | "outline" | "secondary" | "warning" | null | undefined'.
app/dashboard/@restaurant/suppliers/dashboard/page.tsx(207,17): error TS2322: Type '"outline" | "bg-secondary-500 text-secondary-foreground hover:bg-secondary-500/90" | "bg-blue-500 text-white hover:bg-blue-600" | "bg-green-500 text-white hover:bg-green-600" | "bg-red-500 text-white hover:bg-red-600" | "bg-destructive text-destructive-foreground hover:bg-destructive/90"' is not assignable to type '"default" | "destructive" | "outline" | "secondary" | "warning" | null | undefined'.
  Type '"bg-secondary-500 text-secondary-foreground hover:bg-secondary-500/90"' is not assignable to type '"default" | "destructive" | "outline" | "secondary" | "warning" | null | undefined'.
app/dashboard/@supplier/customers/page.tsx(91,13): error TS7053: Element implicitly has an 'any' type because expression of type 'string' can't be used to index type '{ High: number; Medium: number; Low: number; Unknown: number; }'.
  No index signature with a parameter of type 'string' was found on type '{ High: number; Medium: number; Low: number; Unknown: number; }'.
app/dashboard/@supplier/customers/page.tsx(91,33): error TS7053: Element implicitly has an 'any' type because expression of type 'string' can't be used to index type '{ High: number; Medium: number; Low: number; Unknown: number; }'.
  No index signature with a parameter of type 'string' was found on type '{ High: number; Medium: number; Low: number; Unknown: number; }'.
app/dashboard/@supplier/customers/page.tsx(92,13): error TS7053: Element implicitly has an 'any' type because expression of type 'string' can't be used to index type '{ High: number; Medium: number; Low: number; Unknown: number; }'.
  No index signature with a parameter of type 'string' was found on type '{ High: number; Medium: number; Low: number; Unknown: number; }'.
app/dashboard/@supplier/customers/page.tsx(92,33): error TS7053: Element implicitly has an 'any' type because expression of type 'string' can't be used to index type '{ High: number; Medium: number; Low: number; Unknown: number; }'.
  No index signature with a parameter of type 'string' was found on type '{ High: number; Medium: number; Low: number; Unknown: number; }'.
app/dashboard/@supplier/orders/page.tsx(116,32): error TS2322: Type '"outline" | "bg-secondary-500 text-secondary-foreground hover:bg-secondary-500/90" | "bg-blue-500 text-white hover:bg-blue-600" | "bg-green-500 text-white hover:bg-green-600" | "bg-red-500 text-white hover:bg-red-600" | "bg-destructive text-destructive-foreground hover:bg-destructive/90"' is not assignable to type '"default" | "destructive" | "outline" | "secondary" | "warning" | null | undefined'.
  Type '"bg-secondary-500 text-secondary-foreground hover:bg-secondary-500/90"' is not assignable to type '"default" | "destructive" | "outline" | "secondary" | "warning" | null | undefined'.
app/dashboard/@supplier/payments/page.tsx(362,84): error TS2345: Argument of type 'number | undefined' is not assignable to parameter of type 'number'.
  Type 'undefined' is not assignable to type 'number'.
app/dashboard/@supplier/restaurants/page.tsx(191,49): error TS2339: Property '_id' does not exist on type 'NetworkEntry'.
app/dashboard/@supplier/restaurants/page.tsx(195,55): error TS2551: Property 'firstname' does not exist on type 'NetworkUser'. Did you mean 'first_name'?
app/dashboard/@supplier/restaurants/page.tsx(196,55): error TS2551: Property 'lastname' does not exist on type 'NetworkUser'. Did you mean 'last_name'?
app/dashboard/@supplier/restaurants/page.tsx(208,41): error TS2551: Property 'networkUserType' does not exist on type 'NetworkEntry'. Did you mean 'network_user_type'?
app/dashboard/@supplier/restaurants/page.tsx(212,48): error TS2551: Property 'createdAt' does not exist on type 'NetworkEntry'. Did you mean 'created_at'?
app/dashboard/@supplier/restaurants/page.tsx(218,76): error TS2551: Property 'networkUserId' does not exist on type 'NetworkEntry'. Did you mean 'networkUser'?
app/dashboard/@supplier/restaurants/page.tsx(236,61): error TS2551: Property 'firstname' does not exist on type 'NetworkUser'. Did you mean 'first_name'?
app/dashboard/@supplier/restaurants/page.tsx(237,61): error TS2551: Property 'lastname' does not exist on type 'NetworkUser'. Did you mean 'last_name'?
app/dashboard/@supplier/restaurants/page.tsx(246,52): error TS2551: Property 'networkUserId' does not exist on type 'NetworkEntry'. Did you mean 'networkUser'?
app/dashboard/@supplier/settings/page.tsx(498,59): error TS2345: Argument of type '{ id: number; name: string; email: string; phone: string; role: string; status: string; lastActive: string; avatar: string; }' is not assignable to parameter of type 'SetStateAction<null>'.
  Type '{ id: number; name: string; email: string; phone: string; role: string; status: string; lastActive: string; avatar: string; }' provides no match for the signature '(prevState: null): null'.
app/dashboard/@supplier/settings/page.tsx(572,43): error TS2322: Type '{ checked: boolean; disabled: true; size: string; }' is not assignable to type 'IntrinsicAttributes & Omit<SwitchProps & RefAttributes<HTMLButtonElement>, "ref"> & RefAttributes<HTMLButtonElement>'.
  Property 'size' does not exist on type 'IntrinsicAttributes & Omit<SwitchProps & RefAttributes<HTMLButtonElement>, "ref"> & RefAttributes<HTMLButtonElement>'.
app/dashboard/@supplier/settings/page.tsx(665,58): error TS2339: Property 'name' does not exist on type 'never'.
app/dashboard/@supplier/settings/page.tsx(672,69): error TS2339: Property 'role' does not exist on type 'never'.
components/dashboard-order-modal.tsx(533,30): error TS2322: Type '"warning"' is not assignable to type '"default" | "destructive" | null | undefined'.
components/dashboard-order-modal.tsx(553,30): error TS2322: Type '"warning"' is not assignable to type '"default" | "destructive" | null | undefined'.
components/inventory-item-modal.tsx(280,30): error TS2322: Type '"warning"' is not assignable to type '"default" | "destructive" | null | undefined'.
components/order-item-modal.tsx(197,30): error TS2322: Type '"warning"' is not assignable to type '"default" | "destructive" | null | undefined'.
components/order-item-modal.tsx(217,30): error TS2322: Type '"warning"' is not assignable to type '"default" | "destructive" | null | undefined'.
components/toast-container.tsx(12,59): error TS2322: Type '{ children: Element; key: string; variant: any; visible: any; }' is not assignable to type 'IntrinsicAttributes & Omit<ToastProps & RefAttributes<HTMLLIElement>, "ref"> & VariantProps<(props?: (ConfigVariants<{ variant: { ...; }; }> & ClassProp) | undefined) => string> & RefAttributes<...>'.
  Property 'visible' does not exist on type 'IntrinsicAttributes & Omit<ToastProps & RefAttributes<HTMLLIElement>, "ref"> & VariantProps<(props?: (ConfigVariants<{ variant: { ...; }; }> & ClassProp) | undefined) => string> & RefAttributes<...>'.
components/toast-container.tsx(12,74): error TS2339: Property 'visible' does not exist on type 'ToasterToast'.
components/ui/calendar.tsx(47,9): error TS2353: Object literal may only specify known properties, and 'IconLeft' does not exist in type 'Partial<CustomComponents>'.
components/ui/pagination.tsx(5,10): error TS2459: Module '"@/components/ui/button"' declares 'ButtonProps' locally, but it is not exported.
components/ui/pagination.tsx(68,5): error TS2783: 'size' is specified more than once, so this usage will be overwritten.
components/ui/pagination.tsx(84,5): error TS2783: 'size' is specified more than once, so this usage will be overwritten.
